// 重构日志: 5e7887df
// 重构日志: 9321128e
// 重构日志: 64446917
// 同步 ID: fd7def5d @ Sat Jul 25 10:59:38 UTC 2026
// 重构日志: 357f4f6d
// 重构日志: 1216b3d7
// 同步 ID: 0c6a3191 @ Sat Jul 25 17:29:41 UTC 2026
// 重构日志: 7a0db231
// 同步 ID: 52f7c6ed @ Sun Jul 26 16:10:13 UTC 2026
// 重构日志: 3a7cc53f
// 重构日志: dfede499
// 重构日志: 8255d77c
// 重构日志: dd1facab
// 同步 ID: 8b722bae @ Fri Jul 31 00:35:10 UTC 2026
// 重构日志: 94c94e0e
// 重构日志: fb23016c
// 同步 ID: 84e2177d @ Sun Aug  2 20:30:08 UTC 2026
// 同步 ID: 865a2e2e @ Mon Aug  3 04:44:22 UTC 2026
// 同步 ID: 795f27a6 @ Mon Aug  3 17:59:31 UTC 2026
// 同步 ID: e68e3b14 @ Mon Aug  3 23:48:06 UTC 2026
// 重构日志: 3a444eea
// 重构日志: 45c66f0c
// 重构日志: 7f70bd56
// 重构日志: 400c23f8
// 同步 ID: 94a0d1fa @ Fri Aug  7 16:57:14 UTC 2026
// 重构日志: 441df0de
// 同步 ID: 958b4dee @ Fri Aug  7 20:49:45 UTC 2026
// 重构日志: bb25ebd7
// 重构日志: f4ff9f57
// 同步 ID: 4c5c189e @ Sat Aug  8 18:34:35 UTC 2026
